Dump	==== nothing modified: =====================
Return	true
Dump	==== stop irda: ============================
Write	.sysconfig.irda.IRDA_MAX_BAUD_RATE "0" true
Write	.sysconfig.irda nil true
Execute	.target.bash_output "/bin/systemctl stop irda.service" $["TERM":"raw"] $["exit":0]
Execute	.target.bash "/bin/systemctl is-enabled irda.service" 0
Execute	.target.bash_output "/bin/systemctl  disable irda.service" $["exit":0]
Return	true
Dump	==== start irda, create link: ==============
Write	.sysconfig.irda.IRDA_PORT "new_port" true
Write	.sysconfig.irda.IRDA_MAX_BAUD_RATE "0" true
Write	.sysconfig.irda nil true
Execute	.target.bash_output "/bin/systemctl stop irda.service" $["TERM":"raw"] $["exit":0]
Execute	.target.bash_output "/bin/systemctl start irda.service" $["TERM":"raw"] $["exit":0]
Execute	.target.bash "/bin/systemctl is-enabled irda.service" 0
Return	true
